<?xml version="1.0" encoding="ISO-8859-1" ?>
<link_info>
   <banner>TMS320C2000 Linker PC v22.6.3.LTS</banner>
   <copyright>Copyright (c) 1996-2018 Texas Instruments Incorporated</copyright>
   <link_time>0x69b3da07</link_time>
   <link_errors>0x0</link_errors>
   <output_file>VCU.out</output_file>
   <entry_point>
      <name>code_start</name>
      <address>0x80000</address>
   </entry_point>
   <input_file_list>
      <input_file id="fl-2">
         <path>.\syscfg\</path>
         <kind>object</kind>
         <file>board.obj</file>
         <name>board.obj</name>
      </input_file>
      <input_file id="fl-3">
         <path>.\syscfg\</path>
         <kind>object</kind>
         <file>c2000ware_libraries.obj</file>
         <name>c2000ware_libraries.obj</name>
      </input_file>
      <input_file id="fl-4">
         <path>.\01_ApplicationLayer1\01_ApplicationLayer\SystemControl\GlobalHeader\Source\</path>
         <kind>object</kind>
         <file>GlobalHeader .obj</file>
         <name>GlobalHeader .obj</name>
      </input_file>
      <input_file id="fl-5">
         <path>.\01_ApplicationLayer1\01_ApplicationLayer\SystemControl\SystemControl\BlinkersM\Source\</path>
         <kind>object</kind>
         <file>BlinkersM.obj</file>
         <name>BlinkersM.obj</name>
      </input_file>
      <input_file id="fl-6">
         <path>.\01_ApplicationLayer1\01_ApplicationLayer\SystemControl\SystemControl\HazardM\Source\</path>
         <kind>object</kind>
         <file>HazardM.obj</file>
         <name>HazardM.obj</name>
      </input_file>
      <input_file id="fl-7">
         <path>.\02_ServiceLayer\SysSrv\EcuM\Source\</path>
         <kind>object</kind>
         <file>EcuM.obj</file>
         <name>EcuM.obj</name>
      </input_file>
      <input_file id="fl-8">
         <path>.\02_ServiceLayer\SysSrv\Os\StartUp\</path>
         <kind>object</kind>
         <file>Cpu_Main.obj</file>
         <name>Cpu_Main.obj</name>
      </input_file>
      <input_file id="fl-9">
         <path>.\02_ServiceLayer\SysSrv\SchM\Source\</path>
         <kind>object</kind>
         <file>SchM.obj</file>
         <name>SchM.obj</name>
      </input_file>
      <input_file id="fl-a">
         <path>.\03_HwAbstractionLayer\IoHwAb\IoHwAna\Source\</path>
         <kind>object</kind>
         <file>IoHwAna.obj</file>
         <name>IoHwAna.obj</name>
      </input_file>
      <input_file id="fl-b">
         <path>.\03_HwAbstractionLayer\IoHwAb\IoHwDio\Source\</path>
         <kind>object</kind>
         <file>IoHwDio.obj</file>
         <name>IoHwDio.obj</name>
      </input_file>
      <input_file id="fl-c">
         <path>.\04_McuAbstractionLayer\ComDrv\Can\Source\</path>
         <kind>object</kind>
         <file>Can.obj</file>
         <name>Can.obj</name>
      </input_file>
      <input_file id="fl-d">
         <path>.\04_McuAbstractionLayer\ComDrv\Can_Config\Source\</path>
         <kind>object</kind>
         <file>can.obj</file>
         <name>can.obj</name>
      </input_file>
      <input_file id="fl-e">
         <path>.\04_McuAbstractionLayer\ComDrv\SCI\Source\</path>
         <kind>object</kind>
         <file>Sci.obj</file>
         <name>Sci.obj</name>
      </input_file>
      <input_file id="fl-f">
         <path>.\04_McuAbstractionLayer\ComDrv\SPi\Source\</path>
         <kind>object</kind>
         <file>Spi.obj</file>
         <name>Spi.obj</name>
      </input_file>
      <input_file id="fl-10">
         <path>.\04_McuAbstractionLayer\IoDrv\Adc\Source\</path>
         <kind>object</kind>
         <file>Adc.obj</file>
         <name>Adc.obj</name>
      </input_file>
      <input_file id="fl-11">
         <path>.\04_McuAbstractionLayer\IoDrv\Dio\Source\</path>
         <kind>object</kind>
         <file>Dio.obj</file>
         <name>Dio.obj</name>
      </input_file>
      <input_file id="fl-12">
         <path>.\04_McuAbstractionLayer\IoDrv\Port\Source\</path>
         <kind>object</kind>
         <file>Port.obj</file>
         <name>Port.obj</name>
      </input_file>
      <input_file id="fl-13">
         <path>.\05_ComplexDrivers\CpuTimer\Source\</path>
         <kind>object</kind>
         <file>CpuTimer.obj</file>
         <name>CpuTimer.obj</name>
      </input_file>
      <input_file id="fl-14">
         <path>.\05_ComplexDrivers\CpuTimer1\Source\</path>
         <kind>object</kind>
         <file>RunTime.obj</file>
         <name>RunTime.obj</name>
      </input_file>
      <input_file id="fl-15">
         <path>.\05_ComplexDrivers\PWM\Source\</path>
         <kind>object</kind>
         <file>Pwm.obj</file>
         <name>Pwm.obj</name>
      </input_file>
      <input_file id="fl-16">
         <path>.\06_UtilityLibrary\Library\device\</path>
         <kind>object</kind>
         <file>device.obj</file>
         <name>device.obj</name>
      </input_file>
      <input_file id="fl-17">
         <path>.\06_UtilityLibrary\Library\device\</path>
         <kind>object</kind>
         <file>f28p55x_codestartbranch.obj</file>
         <name>f28p55x_codestartbranch.obj</name>
      </input_file>
      <input_file id="fl-18">
         <path>.\06_UtilityLibrary\Library\device\driverlib\</path>
         <kind>object</kind>
         <file>adc.obj</file>
         <name>adc.obj</name>
      </input_file>
      <input_file id="fl-19">
         <path>.\06_UtilityLibrary\Library\device\driverlib\</path>
         <kind>object</kind>
         <file>aes.obj</file>
         <name>aes.obj</name>
      </input_file>
      <input_file id="fl-1a">
         <path>.\06_UtilityLibrary\Library\device\driverlib\</path>
         <kind>object</kind>
         <file>asysctl.obj</file>
         <name>asysctl.obj</name>
      </input_file>
      <input_file id="fl-1b">
         <path>.\06_UtilityLibrary\Library\device\driverlib\</path>
         <kind>object</kind>
         <file>cla.obj</file>
         <name>cla.obj</name>
      </input_file>
      <input_file id="fl-1c">
         <path>.\06_UtilityLibrary\Library\device\driverlib\</path>
         <kind>object</kind>
         <file>clb.obj</file>
         <name>clb.obj</name>
      </input_file>
      <input_file id="fl-1d">
         <path>.\06_UtilityLibrary\Library\device\driverlib\</path>
         <kind>object</kind>
         <file>cmpss.obj</file>
         <name>cmpss.obj</name>
      </input_file>
      <input_file id="fl-1e">
         <path>.\06_UtilityLibrary\Library\device\driverlib\</path>
         <kind>object</kind>
         <file>cputimer.obj</file>
         <name>cputimer.obj</name>
      </input_file>
      <input_file id="fl-1f">
         <path>.\06_UtilityLibrary\Library\device\driverlib\</path>
         <kind>object</kind>
         <file>dac.obj</file>
         <name>dac.obj</name>
      </input_file>
      <input_file id="fl-20">
         <path>.\06_UtilityLibrary\Library\device\driverlib\</path>
         <kind>object</kind>
         <file>dcc.obj</file>
         <name>dcc.obj</name>
      </input_file>
      <input_file id="fl-21">
         <path>.\06_UtilityLibrary\Library\device\driverlib\</path>
         <kind>object</kind>
         <file>dcsm.obj</file>
         <name>dcsm.obj</name>
      </input_file>
      <input_file id="fl-22">
         <path>.\06_UtilityLibrary\Library\device\driverlib\</path>
         <kind>object</kind>
         <file>dma.obj</file>
         <name>dma.obj</name>
      </input_file>
      <input_file id="fl-23">
         <path>.\06_UtilityLibrary\Library\device\driverlib\</path>
         <kind>object</kind>
         <file>ecap.obj</file>
         <name>ecap.obj</name>
      </input_file>
      <input_file id="fl-24">
         <path>.\06_UtilityLibrary\Library\device\driverlib\</path>
         <kind>object</kind>
         <file>epg.obj</file>
         <name>epg.obj</name>
      </input_file>
      <input_file id="fl-25">
         <path>.\06_UtilityLibrary\Library\device\driverlib\</path>
         <kind>object</kind>
         <file>epwm.obj</file>
         <name>epwm.obj</name>
      </input_file>
      <input_file id="fl-26">
         <path>.\06_UtilityLibrary\Library\device\driverlib\</path>
         <kind>object</kind>
         <file>eqep.obj</file>
         <name>eqep.obj</name>
      </input_file>
      <input_file id="fl-27">
         <path>.\06_UtilityLibrary\Library\device\driverlib\</path>
         <kind>object</kind>
         <file>erad.obj</file>
         <name>erad.obj</name>
      </input_file>
      <input_file id="fl-28">
         <path>.\06_UtilityLibrary\Library\device\driverlib\</path>
         <kind>object</kind>
         <file>flash.obj</file>
         <name>flash.obj</name>
      </input_file>
      <input_file id="fl-29">
         <path>.\06_UtilityLibrary\Library\device\driverlib\</path>
         <kind>object</kind>
         <file>fsi.obj</file>
         <name>fsi.obj</name>
      </input_file>
      <input_file id="fl-2a">
         <path>.\06_UtilityLibrary\Library\device\driverlib\</path>
         <kind>object</kind>
         <file>gpio.obj</file>
         <name>gpio.obj</name>
      </input_file>
      <input_file id="fl-2b">
         <path>.\06_UtilityLibrary\Library\device\driverlib\</path>
         <kind>object</kind>
         <file>hrpwm.obj</file>
         <name>hrpwm.obj</name>
      </input_file>
      <input_file id="fl-2c">
         <path>.\06_UtilityLibrary\Library\device\driverlib\</path>
         <kind>object</kind>
         <file>i2c.obj</file>
         <name>i2c.obj</name>
      </input_file>
      <input_file id="fl-2d">
         <path>.\06_UtilityLibrary\Library\device\driverlib\</path>
         <kind>object</kind>
         <file>interrupt.obj</file>
         <name>interrupt.obj</name>
      </input_file>
      <input_file id="fl-2e">
         <path>.\06_UtilityLibrary\Library\device\driverlib\</path>
         <kind>object</kind>
         <file>lin.obj</file>
         <name>lin.obj</name>
      </input_file>
      <input_file id="fl-2f">
         <path>.\06_UtilityLibrary\Library\device\driverlib\</path>
         <kind>object</kind>
         <file>mcan.obj</file>
         <name>mcan.obj</name>
      </input_file>
      <input_file id="fl-30">
         <path>.\06_UtilityLibrary\Library\device\driverlib\</path>
         <kind>object</kind>
         <file>memcfg.obj</file>
         <name>memcfg.obj</name>
      </input_file>
      <input_file id="fl-31">
         <path>.\06_UtilityLibrary\Library\device\driverlib\</path>
         <kind>object</kind>
         <file>pga.obj</file>
         <name>pga.obj</name>
      </input_file>
      <input_file id="fl-32">
         <path>.\06_UtilityLibrary\Library\device\driverlib\</path>
         <kind>object</kind>
         <file>pmbus.obj</file>
         <name>pmbus.obj</name>
      </input_file>
      <input_file id="fl-33">
         <path>.\06_UtilityLibrary\Library\device\driverlib\</path>
         <kind>object</kind>
         <file>sci.obj</file>
         <name>sci.obj</name>
      </input_file>
      <input_file id="fl-34">
         <path>.\06_UtilityLibrary\Library\device\driverlib\</path>
         <kind>object</kind>
         <file>spi.obj</file>
         <name>spi.obj</name>
      </input_file>
      <input_file id="fl-35">
         <path>.\06_UtilityLibrary\Library\device\driverlib\</path>
         <kind>object</kind>
         <file>sysctl.obj</file>
         <name>sysctl.obj</name>
      </input_file>
      <input_file id="fl-36">
         <path>.\06_UtilityLibrary\Library\device\driverlib\</path>
         <kind>object</kind>
         <file>usb.obj</file>
         <name>usb.obj</name>
      </input_file>
      <input_file id="fl-37">
         <path>.\06_UtilityLibrary\Library\device\driverlib\</path>
         <kind>object</kind>
         <file>version.obj</file>
         <name>version.obj</name>
      </input_file>
      <input_file id="fl-38">
         <path>.\06_UtilityLibrary\Library\device\driverlib\</path>
         <kind>object</kind>
         <file>xbar.obj</file>
         <name>xbar.obj</name>
      </input_file>
      <input_file id="fl-39">
         <path>.\06_UtilityLibrary\LookUpTable\LookUpTable\Source\</path>
         <kind>object</kind>
         <file>LookUpTable.obj</file>
         <name>LookUpTable.obj</name>
      </input_file>
      <input_file id="fl-3a">
         <path>.\06_UtilityLibrary\MovingWindow\MovingWindow\Source\</path>
         <kind>object</kind>
         <file>MovingWindow.obj</file>
         <name>MovingWindow.obj</name>
      </input_file>
      <input_file id="fl-42">
         <kind>object</kind>
         <file>&lt;internal&gt;</file>
         <name>&lt;internal&gt;</name>
      </input_file>
      <input_file id="fl-4e">
         <path>C:\ti\ccs2041\ccs\tools\compiler\ti-cgt-c2000_22.6.3.LTS\lib\</path>
         <kind>archive</kind>
         <file>rts2800_fpu32_eabi.lib</file>
         <name>boot28.asm.obj</name>
      </input_file>
      <input_file id="fl-4f">
         <path>C:\ti\ccs2041\ccs\tools\compiler\ti-cgt-c2000_22.6.3.LTS\lib\</path>
         <kind>archive</kind>
         <file>rts2800_fpu32_eabi.lib</file>
         <name>fs_div28.asm.obj</name>
      </input_file>
      <input_file id="fl-50">
         <path>C:\ti\ccs2041\ccs\tools\compiler\ti-cgt-c2000_22.6.3.LTS\lib\</path>
         <kind>archive</kind>
         <file>rts2800_fpu32_eabi.lib</file>
         <name>ll_cmp28.asm.obj</name>
      </input_file>
      <input_file id="fl-51">
         <path>C:\ti\ccs2041\ccs\tools\compiler\ti-cgt-c2000_22.6.3.LTS\lib\</path>
         <kind>archive</kind>
         <file>rts2800_fpu32_eabi.lib</file>
         <name>u_div28.asm.obj</name>
      </input_file>
      <input_file id="fl-52">
         <path>C:\ti\ccs2041\ccs\tools\compiler\ti-cgt-c2000_22.6.3.LTS\lib\</path>
         <kind>archive</kind>
         <file>rts2800_fpu32_eabi.lib</file>
         <name>memcpy.c.obj</name>
      </input_file>
      <input_file id="fl-53">
         <path>C:\ti\ccs2041\ccs\tools\compiler\ti-cgt-c2000_22.6.3.LTS\lib\</path>
         <kind>archive</kind>
         <file>rts2800_fpu32_eabi.lib</file>
         <name>pre_init.c.obj</name>
      </input_file>
      <input_file id="fl-54">
         <path>C:\ti\ccs2041\ccs\tools\compiler\ti-cgt-c2000_22.6.3.LTS\lib\</path>
         <kind>archive</kind>
         <file>rts2800_fpu32_eabi.lib</file>
         <name>autoinit.c.obj</name>
      </input_file>
      <input_file id="fl-55">
         <path>C:\ti\ccs2041\ccs\tools\compiler\ti-cgt-c2000_22.6.3.LTS\lib\</path>
         <kind>archive</kind>
         <file>rts2800_fpu32_eabi.lib</file>
         <name>copy_zero_init.c.obj</name>
      </input_file>
      <input_file id="fl-56">
         <path>C:\ti\ccs2041\ccs\tools\compiler\ti-cgt-c2000_22.6.3.LTS\lib\</path>
         <kind>archive</kind>
         <file>rts2800_fpu32_eabi.lib</file>
         <name>copy_decompress_none.c.obj</name>
      </input_file>
      <input_file id="fl-57">
         <path>C:\ti\ccs2041\ccs\tools\compiler\ti-cgt-c2000_22.6.3.LTS\lib\</path>
         <kind>archive</kind>
         <file>rts2800_fpu32_eabi.lib</file>
         <name>copy_decompress_lzss.c.obj</name>
      </input_file>
      <input_file id="fl-58">
         <path>C:\ti\ccs2041\ccs\tools\compiler\ti-cgt-c2000_22.6.3.LTS\lib\</path>
         <kind>archive</kind>
         <file>rts2800_fpu32_eabi.lib</file>
         <name>exit.c.obj</name>
      </input_file>
      <input_file id="fl-59">
         <path>C:\ti\ccs2041\ccs\tools\compiler\ti-cgt-c2000_22.6.3.LTS\lib\</path>
         <kind>archive</kind>
         <file>rts2800_fpu32_eabi.lib</file>
         <name>_lock.c.obj</name>
      </input_file>
      <input_file id="fl-5a">
         <path>C:\ti\ccs2041\ccs\tools\compiler\ti-cgt-c2000_22.6.3.LTS\lib\</path>
         <kind>archive</kind>
         <file>rts2800_fpu32_eabi.lib</file>
         <name>args_main.c.obj</name>
      </input_file>
      <input_file id="fl-5b">
         <path>C:\ti\ccs2041\ccs\tools\compiler\ti-cgt-c2000_22.6.3.LTS\lib\</path>
         <kind>archive</kind>
         <file>rts2800_fpu32_eabi.lib</file>
         <name>memset.c.obj</name>
      </input_file>
      <input_file id="fl-5c">
         <path>C:\ti\ccs2041\ccs\tools\compiler\ti-cgt-c2000_22.6.3.LTS\lib\</path>
         <kind>archive</kind>
         <file>rts2800_fpu32_eabi.lib</file>
         <name>cpy_tbl.c.obj</name>
      </input_file>
      <input_file id="fl-5d">
         <path>C:\ti\ccs2041\ccs\tools\compiler\ti-cgt-c2000_22.6.3.LTS\lib\</path>
         <kind>archive</kind>
         <file>rts2800_fpu32_eabi.lib</file>
         <name>startup.c.obj</name>
      </input_file>
   </input_file_list>
   <object_component_list>
      <object_component id="oc-20">
         <name>codestart</name>
         <load_address>0x80000</load_address>
         <run_address>0x80000</run_address>
         <size>0x2</size>
         <input_file_ref idref="fl-17"/>
      </object_component>
      <object_component id="oc-812">
         <name>.text:MCAN_msgRAMConfig</name>
         <load_address>0x80808</load_address>
         <run_address>0x80808</run_address>
         <size>0x1c2</size>
         <input_file_ref idref="fl-2f"/>
      </object_component>
      <object_component id="oc-56">
         <name>.text:Adc_Init</name>
         <load_address>0x809ca</load_address>
         <run_address>0x809ca</run_address>
         <size>0x12f</size>
         <input_file_ref idref="fl-10"/>
      </object_component>
      <object_component id="oc-57c">
         <name>.text:SysCtl_setClock</name>
         <load_address>0x80af9</load_address>
         <run_address>0x80af9</run_address>
         <size>0x123</size>
         <input_file_ref idref="fl-35"/>
      </object_component>
      <object_component id="oc-32a">
         <name>.text:MCAN_writeMsg</name>
         <load_address>0x80c1c</load_address>
         <run_address>0x80c1c</run_address>
         <size>0x122</size>
         <input_file_ref idref="fl-2f"/>
      </object_component>
      <object_component id="oc-320">
         <name>.text:MCAN_readMsg</name>
         <load_address>0x80d3e</load_address>
         <run_address>0x80d3e</run_address>
         <size>0x107</size>
         <input_file_ref idref="fl-2f"/>
      </object_component>
      <object_component id="oc-64a">
         <name>.text:SysCtl_isPLLValid</name>
         <load_address>0x80e45</load_address>
         <run_address>0x80e45</run_address>
         <size>0xfe</size>
         <input_file_ref idref="fl-35"/>
      </object_component>
      <object_component id="oc-806">
         <name>.text:MCAN_init</name>
         <load_address>0x80f43</load_address>
         <run_address>0x80f43</run_address>
         <size>0xf0</size>
         <input_file_ref idref="fl-2f"/>
      </object_component>
      <object_component id="oc-1ea">
         <name>.text:GPIO_setAnalogMode</name>
         <load_address>0x81033</load_address>
         <run_address>0x81033</run_address>
         <size>0xeb</size>
         <input_file_ref idref="fl-2a"/>
      </object_component>
      <object_component id="oc-595">
         <name>.text:Device_enableAllPeripherals</name>
         <load_address>0x8111e</load_address>
         <run_address>0x8111e</run_address>
         <size>0xd8</size>
         <input_file_ref idref="fl-16"/>
      </object_component>
      <object_component id="oc-536">
         <name>.text:Device_init</name>
         <load_address>0x811f6</load_address>
         <run_address>0x811f6</run_address>
         <size>0xc7</size>
         <input_file_ref idref="fl-16"/>
      </object_component>
      <object_component id="oc-2b">
         <name>.text:MCANIntr1ISR</name>
         <load_address>0x812bd</load_address>
         <run_address>0x812bd</run_address>
         <size>0xbf</size>
         <input_file_ref idref="fl-c"/>
      </object_component>
      <object_component id="oc-80c">
         <name>.text:MCAN_setBitTime</name>
         <load_address>0x8137c</load_address>
         <run_address>0x8137c</run_address>
         <size>0xb9</size>
         <input_file_ref idref="fl-2f"/>
      </object_component>
      <object_component id="oc-678">
         <name>.text:can_Init</name>
         <load_address>0x81435</load_address>
         <run_address>0x81435</run_address>
         <size>0xa8</size>
         <input_file_ref idref="fl-c"/>
      </object_component>
      <object_component id="oc-76a">
         <name>.text:Pwm_Init</name>
         <load_address>0x814dd</load_address>
         <run_address>0x814dd</run_address>
         <size>0x9d</size>
         <input_file_ref idref="fl-15"/>
      </object_component>
      <object_component id="oc-e4">
         <name>.text:MCAN_readMsgRam</name>
         <load_address>0x8157a</load_address>
         <run_address>0x8157a</run_address>
         <size>0x98</size>
         <input_file_ref idref="fl-2f"/>
      </object_component>
      <object_component id="oc-86">
         <name>.text:Pwm_Init2</name>
         <load_address>0x81612</load_address>
         <run_address>0x81612</run_address>
         <size>0x91</size>
         <input_file_ref idref="fl-15"/>
      </object_component>
      <object_component id="oc-745">
         <name>.text:can_Frame</name>
         <load_address>0x816a3</load_address>
         <run_address>0x816a3</run_address>
         <size>0x8b</size>
         <input_file_ref idref="fl-c"/>
      </object_component>
      <object_component id="oc-424">
         <name>.text</name>
         <load_address>0x8172e</load_address>
         <run_address>0x8172e</run_address>
         <size>0x88</size>
         <input_file_ref idref="fl-4f"/>
      </object_component>
      <object_component id="oc-2a3">
         <name>.text:EPWM_setADCTriggerSource</name>
         <load_address>0x817b6</load_address>
         <run_address>0x817b6</run_address>
         <size>0x75</size>
         <input_file_ref idref="fl-15"/>
      </object_component>
      <object_component id="oc-70b">
         <name>.text:DCC_setCounterSeeds</name>
         <load_address>0x8182b</load_address>
         <run_address>0x8182b</run_address>
         <size>0x73</size>
         <input_file_ref idref="fl-35"/>
      </object_component>
      <object_component id="oc-588">
         <name>.text:SysCtl_getClock</name>
         <load_address>0x8189e</load_address>
         <run_address>0x8189e</run_address>
         <size>0x65</size>
         <input_file_ref idref="fl-35"/>
      </object_component>
      <object_component id="oc-3b">
         <name>.text:Uart_Init</name>
         <load_address>0x81903</load_address>
         <run_address>0x81903</run_address>
         <size>0x5d</size>
         <input_file_ref idref="fl-e"/>
      </object_component>
      <object_component id="oc-37">
         <name>.text:Uart_RxISR</name>
         <load_address>0x81960</load_address>
         <run_address>0x81960</run_address>
         <size>0x5d</size>
         <input_file_ref idref="fl-e"/>
      </object_component>
      <object_component id="oc-3b3">
         <name>.text:SPI_setConfig</name>
         <load_address>0x819bd</load_address>
         <run_address>0x819bd</run_address>
         <size>0x5c</size>
         <input_file_ref idref="fl-34"/>
      </object_component>
      <object_component id="oc-818">
         <name>.text:MCAN_addExtMsgIDFilter</name>
         <load_address>0x81a19</load_address>
         <run_address>0x81a19</run_address>
         <size>0x5a</size>
         <input_file_ref idref="fl-2f"/>
      </object_component>
      <object_component id="oc-f3">
         <name>.text:MCAN_writeMsgRam</name>
         <load_address>0x81a73</load_address>
         <run_address>0x81a73</run_address>
         <size>0x57</size>
         <input_file_ref idref="fl-2f"/>
      </object_component>
      <object_component id="oc-672">
         <name>.text:Port_Init</name>
         <load_address>0x81aca</load_address>
         <run_address>0x81aca</run_address>
         <size>0x57</size>
         <input_file_ref idref="fl-12"/>
      </object_component>
      <object_component id="oc-74b">
         <name>.text:MCANConfig</name>
         <load_address>0x81b21</load_address>
         <run_address>0x81b21</run_address>
         <size>0x55</size>
         <input_file_ref idref="fl-c"/>
      </object_component>
      <object_component id="oc-14c">
         <name>.text:GPIO_setPadConfig</name>
         <load_address>0x81b76</load_address>
         <run_address>0x81b76</run_address>
         <size>0x52</size>
         <input_file_ref idref="fl-2a"/>
      </object_component>
      <object_component id="oc-2b5">
         <name>.text:EPWM_setInterruptSource</name>
         <load_address>0x81bc8</load_address>
         <run_address>0x81bc8</run_address>
         <size>0x4b</size>
         <input_file_ref idref="fl-15"/>
      </object_component>
      <object_component id="oc-69b">
         <name>.text:IoHwDio_Proc</name>
         <load_address>0x81c13</load_address>
         <run_address>0x81c13</run_address>
         <size>0x49</size>
         <input_file_ref idref="fl-b"/>
      </object_component>
      <object_component id="oc-48">
         <name>.text:Spi_Config</name>
         <load_address>0x81c5c</load_address>
         <run_address>0x81c5c</run_address>
         <size>0x49</size>
         <input_file_ref idref="fl-f"/>
      </object_component>
      <object_component id="oc-63e">
         <name>.text:SysCtl_selectOscSource</name>
         <load_address>0x81ca5</load_address>
         <run_address>0x81ca5</run_address>
         <size>0x47</size>
         <input_file_ref idref="fl-35"/>
      </object_component>
      <object_component id="oc-4f">
         <name>.text:spiATxISR</name>
         <load_address>0x81cec</load_address>
         <run_address>0x81cec</run_address>
         <size>0x47</size>
         <input_file_ref idref="fl-f"/>
      </object_component>
      <object_component id="oc-20f">
         <name>.text:ADC_setupSOC</name>
         <load_address>0x81d33</load_address>
         <run_address>0x81d33</run_address>
         <size>0x46</size>
         <input_file_ref idref="fl-10"/>
      </object_component>
      <object_component id="oc-6cd">
         <name>.text:SysCtl_selectXTAL</name>
         <load_address>0x81d79</load_address>
         <run_address>0x81d79</run_address>
         <size>0x46</size>
         <input_file_ref idref="fl-35"/>
      </object_component>
      <object_component id="oc-132">
         <name>.text:SCI_clearInterruptStatus</name>
         <load_address>0x81dbf</load_address>
         <run_address>0x81dbf</run_address>
         <size>0x45</size>
         <input_file_ref idref="fl-33"/>
      </object_component>
      <object_component id="oc-5a1">
         <name>.text:PGA_setOffsetTrimPMOS</name>
         <load_address>0x81e04</load_address>
         <run_address>0x81e04</run_address>
         <size>0x44</size>
         <input_file_ref idref="fl-31"/>
      </object_component>
      <object_component id="oc-17c">
         <name>.text:SCI_enableInterrupt</name>
         <load_address>0x81e48</load_address>
         <run_address>0x81e48</run_address>
         <size>0x44</size>
         <input_file_ref idref="fl-33"/>
      </object_component>
      <object_component id="oc-6ad">
         <name>.text:BlinkersM_Proc10ms</name>
         <load_address>0x81e8c</load_address>
         <run_address>0x81e8c</run_address>
         <size>0x43</size>
         <input_file_ref idref="fl-5"/>
      </object_component>
      <object_component id="oc-85">
         <name>.text:epwm2ISR</name>
         <load_address>0x81ecf</load_address>
         <run_address>0x81ecf</run_address>
         <size>0x43</size>
         <input_file_ref idref="fl-15"/>
      </object_component>
      <object_component id="oc-55">
         <name>.text:AdcA_ISR</name>
         <load_address>0x81f12</load_address>
         <run_address>0x81f12</run_address>
         <size>0x42</size>
         <input_file_ref idref="fl-10"/>
      </object_component>
      <object_component id="oc-67">
         <name>.text:AdcC_ISR</name>
         <load_address>0x81f54</load_address>
         <run_address>0x81f54</run_address>
         <size>0x42</size>
         <input_file_ref idref="fl-10"/>
      </object_component>
      <object_component id="oc-6d">
         <name>.text:AdcD_ISR</name>
         <load_address>0x81f96</load_address>
         <run_address>0x81f96</run_address>
         <size>0x42</size>
         <input_file_ref idref="fl-10"/>
      </object_component>
      <object_component id="oc-73">
         <name>.text:AdcE_ISR</name>
         <load_address>0x81fd8</load_address>
         <run_address>0x81fd8</run_address>
         <size>0x42</size>
         <input_file_ref idref="fl-10"/>
      </object_component>
      <object_component id="oc-59b">
         <name>.text:PGA_setOffsetTrimNMOS</name>
         <load_address>0x8201a</load_address>
         <run_address>0x8201a</run_address>
         <size>0x41</size>
         <input_file_ref idref="fl-31"/>
      </object_component>
      <object_component id="oc-29d">
         <name>.text:EPWM_setActionQualifierAction</name>
         <load_address>0x8205b</load_address>
         <run_address>0x8205b</run_address>
         <size>0x40</size>
         <input_file_ref idref="fl-15"/>
      </object_component>
      <object_component id="oc-7af">
         <name>.text:SysCtl_pollX1Counter</name>
         <load_address>0x8209b</load_address>
         <run_address>0x8209b</run_address>
         <size>0x40</size>
         <input_file_ref idref="fl-35"/>
      </object_component>
      <object_component id="oc-1f6">
         <name>.text:ADC_setVREF</name>
         <load_address>0x820db</load_address>
         <run_address>0x820db</run_address>
         <size>0x3e</size>
         <input_file_ref idref="fl-18"/>
      </object_component>
      <object_component id="oc-291">
         <name>.text:EPWM_setCounterCompareShadowLoadMode</name>
         <load_address>0x82119</load_address>
         <run_address>0x82119</run_address>
         <size>0x3e</size>
         <input_file_ref idref="fl-15"/>
      </object_component>
      <object_component id="oc-158">
         <name>.text:SCI_setConfig</name>
         <load_address>0x82157</load_address>
         <run_address>0x82157</run_address>
         <size>0x3e</size>
         <input_file_ref idref="fl-33"/>
      </object_component>
      <object_component id="oc-43">
         <name>.text:spiARxISR</name>
         <load_address>0x82195</load_address>
         <run_address>0x82195</run_address>
         <size>0x3e</size>
         <input_file_ref idref="fl-f"/>
      </object_component>
      <object_component id="oc-61">
         <name>.text:AdcB_ISR</name>
         <load_address>0x821d3</load_address>
         <run_address>0x821d3</run_address>
         <size>0x3d</size>
         <input_file_ref idref="fl-10"/>
      </object_component>
      <object_component id="oc-542">
         <name>.text:Interrupt_initModule</name>
         <load_address>0x82210</load_address>
         <run_address>0x82210</run_address>
         <size>0x3d</size>
         <input_file_ref idref="fl-2d"/>
      </object_component>
      <object_component id="oc-444">
         <name>.text:EPWM_isBaseValid</name>
         <load_address>0x8224d</load_address>
         <run_address>0x8224d</run_address>
         <size>0x3b</size>
         <input_file_ref idref="fl-15"/>
      </object_component>
      <object_component id="oc-2a9">
         <name>.text:EPWM_setADCTriggerEventPrescale</name>
         <load_address>0x82288</load_address>
         <run_address>0x82288</run_address>
         <size>0x3a</size>
         <input_file_ref idref="fl-15"/>
      </object_component>
      <object_component id="oc-82f">
         <name>.text:EPWM_setFallingEdgeDeadBandDelayInput</name>
         <load_address>0x822c2</load_address>
         <run_address>0x822c2</run_address>
         <size>0x37</size>
         <input_file_ref idref="fl-15"/>
      </object_component>
      <object_component id="oc-140">
         <name>.text:GPIO_setPinConfig</name>
         <load_address>0x822f9</load_address>
         <run_address>0x822f9</run_address>
         <size>0x37</size>
         <input_file_ref idref="fl-2a"/>
      </object_component>
      <object_component id="oc-737">
         <name>.text:GPIO_setQualificationMode</name>
         <load_address>0x82330</load_address>
         <run_address>0x82330</run_address>
         <size>0x37</size>
         <input_file_ref idref="fl-2a"/>
      </object_component>
      <object_component id="oc-10e">
         <name>.text:Interrupt_enable</name>
         <load_address>0x82367</load_address>
         <run_address>0x82367</run_address>
         <size>0x37</size>
         <input_file_ref idref="fl-2d"/>
      </object_component>
      <object_component id="oc-195">
         <name>.text:SPI_clearInterruptStatus</name>
         <load_address>0x8239e</load_address>
         <run_address>0x8239e</run_address>
         <size>0x36</size>
         <input_file_ref idref="fl-34"/>
      </object_component>
      <object_component id="oc-243">
         <name>.text:configCPUTimer</name>
         <load_address>0x823d4</load_address>
         <run_address>0x823d4</run_address>
         <size>0x36</size>
         <input_file_ref idref="fl-13"/>
      </object_component>
      <object_component id="oc-79">
         <name>.text:cpuTimer0ISR</name>
         <load_address>0x8240a</load_address>
         <run_address>0x8240a</run_address>
         <size>0x35</size>
         <input_file_ref idref="fl-13"/>
      </object_component>
      <object_component id="oc-751">
         <name>.text:MCAN_enableIntr</name>
         <load_address>0x8243f</load_address>
         <run_address>0x8243f</run_address>
         <size>0x33</size>
         <input_file_ref idref="fl-2f"/>
      </object_component>
      <object_component id="oc-757">
         <name>.text:MCAN_selectIntrLine</name>
         <load_address>0x82472</load_address>
         <run_address>0x82472</run_address>
         <size>0x33</size>
         <input_file_ref idref="fl-2f"/>
      </object_component>
      <object_component id="oc-6b3">
         <name>.text:HazardM_Proc10ms</name>
         <load_address>0x824a5</load_address>
         <run_address>0x824a5</run_address>
         <size>0x32</size>
         <input_file_ref idref="fl-6"/>
      </object_component>
      <object_component id="oc-146">
         <name>.text:GPIO_setDirectionMode</name>
         <load_address>0x824d7</load_address>
         <run_address>0x824d7</run_address>
         <size>0x31</size>
         <input_file_ref idref="fl-2a"/>
      </object_component>
      <object_component id="oc-215">
         <name>.text:ADC_setInterruptSource</name>
         <load_address>0x82508</load_address>
         <run_address>0x82508</run_address>
         <size>0x2f</size>
         <input_file_ref idref="fl-10"/>
      </object_component>
      <object_component id="oc-3cb">
         <name>.text:SPI_enableInterrupt</name>
         <load_address>0x82537</load_address>
         <run_address>0x82537</run_address>
         <size>0x2f</size>
         <input_file_ref idref="fl-34"/>
      </object_component>
      <object_component id="oc-5be">
         <name>.text:SchM_Init</name>
         <load_address>0x82566</load_address>
         <run_address>0x82566</run_address>
         <size>0x2f</size>
         <input_file_ref idref="fl-9"/>
      </object_component>
      <object_component id="oc-13">
         <name>.text:decompress:lzss</name>
         <load_address>0x82595</load_address>
         <run_address>0x82595</run_address>
         <size>0x2e</size>
         <input_file_ref idref="fl-57"/>
      </object_component>
      <object_component id="oc-1a6">
         <name>.text:spi_Init</name>
         <load_address>0x825c3</load_address>
         <run_address>0x825c3</run_address>
         <size>0x2d</size>
         <input_file_ref idref="fl-f"/>
      </object_component>
      <object_component id="oc-823">
         <name>.text:EPWM_setDeadBandDelayMode</name>
         <load_address>0x825f0</load_address>
         <run_address>0x825f0</run_address>
         <size>0x2c</size>
         <input_file_ref idref="fl-15"/>
      </object_component>
      <object_component id="oc-8cb">
         <name>.text:GPIO_isPinValid</name>
         <load_address>0x8261c</load_address>
         <run_address>0x8261c</run_address>
         <size>0x2c</size>
         <input_file_ref idref="fl-11"/>
      </object_component>
      <object_component id="oc-7e0">
         <name>.text:GPIO_isPinValid</name>
         <load_address>0x82648</load_address>
         <run_address>0x82648</run_address>
         <size>0x2c</size>
         <input_file_ref idref="fl-12"/>
      </object_component>
      <object_component id="oc-43c">
         <name>.text:GPIO_isPinValid</name>
         <load_address>0x82674</load_address>
         <run_address>0x82674</run_address>
         <size>0x2c</size>
         <input_file_ref idref="fl-15"/>
      </object_component>
      <object_component id="oc-377">
         <name>.text:GPIO_isPinValid</name>
         <load_address>0x826a0</load_address>
         <run_address>0x826a0</run_address>
         <size>0x2c</size>
         <input_file_ref idref="fl-2a"/>
      </object_component>
      <object_component id="oc-f9">
         <name>.text:MCAN_txBufAddReq</name>
         <load_address>0x826cc</load_address>
         <run_address>0x826cc</run_address>
         <size>0x2c</size>
         <input_file_ref idref="fl-2f"/>
      </object_component>
      <object_component id="oc-4d1">
         <name>.text:__TI_auto_init_nobinit_nopinit</name>
         <load_address>0x826f8</load_address>
         <run_address>0x826f8</run_address>
         <size>0x2b</size>
         <input_file_ref idref="fl-54"/>
      </object_component>
      <object_component id="oc-695">
         <name>.text:IoHwAna_Proc</name>
         <load_address>0x82723</load_address>
         <run_address>0x82723</run_address>
         <size>0x29</size>
         <input_file_ref idref="fl-a"/>
      </object_component>
      <object_component id="oc-75d">
         <name>.text:MCAN_enableIntrLine</name>
         <load_address>0x8274c</load_address>
         <run_address>0x8274c</run_address>
         <size>0x29</size>
         <input_file_ref idref="fl-2f"/>
      </object_component>
      <object_component id="oc-54e">
         <name>.text:SchM_Start</name>
         <load_address>0x82775</load_address>
         <run_address>0x82775</run_address>
         <size>0x29</size>
         <input_file_ref idref="fl-9"/>
      </object_component>
      <object_component id="oc-73f">
         <name>.text:SysCtl_setMCANClk</name>
         <load_address>0x8279e</load_address>
         <run_address>0x8279e</run_address>
         <size>0x29</size>
         <input_file_ref idref="fl-c"/>
      </object_component>
      <object_component id="oc-479">
         <name>.text</name>
         <load_address>0x827c7</load_address>
         <run_address>0x827c7</run_address>
         <size>0x29</size>
         <input_file_ref idref="fl-58"/>
      </object_component>
      <object_component id="oc-77f">
         <name>.text:Adc_StartConversion</name>
         <load_address>0x827f0</load_address>
         <run_address>0x827f0</run_address>
         <size>0x28</size>
         <input_file_ref idref="fl-10"/>
      </object_component>
      <object_component id="oc-2c1">
         <name>.text:EPWM_setInterruptEventCount</name>
         <load_address>0x82818</load_address>
         <run_address>0x82818</run_address>
         <size>0x28</size>
         <input_file_ref idref="fl-15"/>
      </object_component>
      <object_component id="oc-829">
         <name>.text:EPWM_setRisingEdgeDeadBandDelayInput</name>
         <load_address>0x82840</load_address>
         <run_address>0x82840</run_address>
         <size>0x27</size>
         <input_file_ref idref="fl-15"/>
      </object_component>
      <object_component id="oc-8bf">
         <name>.text:GPIO_writePin</name>
         <load_address>0x82867</load_address>
         <run_address>0x82867</run_address>
         <size>0x27</size>
         <input_file_ref idref="fl-11"/>
      </object_component>
      <object_component id="oc-731">
         <name>.text:GPIO_writePin</name>
         <load_address>0x8288e</load_address>
         <run_address>0x8288e</run_address>
         <size>0x27</size>
         <input_file_ref idref="fl-12"/>
      </object_component>
      <object_component id="oc-258">
         <name>.text:GPIO_writePin</name>
         <load_address>0x828b5</load_address>
         <run_address>0x828b5</run_address>
         <size>0x27</size>
         <input_file_ref idref="fl-15"/>
      </object_component>
      <object_component id="oc-68f">
         <name>.text:setdutycycle</name>
         <load_address>0x828dc</load_address>
         <run_address>0x828dc</run_address>
         <size>0x27</size>
         <input_file_ref idref="fl-15"/>
      </object_component>
      <object_component id="oc-176">
         <name>.text:SCI_setFIFOInterruptLevel</name>
         <load_address>0x82903</load_address>
         <run_address>0x82903</run_address>
         <size>0x26</size>
         <input_file_ref idref="fl-e"/>
      </object_component>
      <object_component id="oc-3bf">
         <name>.text:SPI_setFIFOInterruptLevel</name>
         <load_address>0x82929</load_address>
         <run_address>0x82929</run_address>
         <size>0x26</size>
         <input_file_ref idref="fl-f"/>
      </object_component>
      <object_component id="oc-6d3">
         <name>.text:SysCtl_selectXTALSingleEnded</name>
         <load_address>0x8294f</load_address>
         <run_address>0x8294f</run_address>
         <size>0x25</size>
         <input_file_ref idref="fl-35"/>
      </object_component>
      <object_component id="oc-711">
         <name>.text:DCC_enableSingleShotMode</name>
         <load_address>0x82974</load_address>
         <run_address>0x82974</run_address>
         <size>0x24</size>
         <input_file_ref idref="fl-35"/>
      </object_component>
      <object_component id="oc-835">
         <name>.text:EPWM_setDeadBandDelayPolarity</name>
         <load_address>0x82998</load_address>
         <run_address>0x82998</run_address>
         <size>0x24</size>
         <input_file_ref idref="fl-15"/>
      </object_component>
      <object_component id="oc-8b7">
         <name>.text:GPIO_readPin</name>
         <load_address>0x829bc</load_address>
         <run_address>0x829bc</run_address>
         <size>0x23</size>
         <input_file_ref idref="fl-11"/>
      </object_component>
      <object_component id="oc-1d2">
         <name>.text:ADC_readResult</name>
         <load_address>0x829df</load_address>
         <run_address>0x829df</run_address>
         <size>0x22</size>
         <input_file_ref idref="fl-10"/>
      </object_component>
      <object_component id="oc-297">
         <name>.text:EPWM_setCounterCompareValue</name>
         <load_address>0x82a01</load_address>
         <run_address>0x82a01</run_address>
         <size>0x22</size>
         <input_file_ref idref="fl-15"/>
      </object_component>
      <object_component id="oc-7a">
         <name>.text:CpuTimer_init</name>
         <load_address>0x82a23</load_address>
         <run_address>0x82a23</run_address>
         <size>0x21</size>
         <input_file_ref idref="fl-13"/>
      </object_component>
      <object_component id="oc-21b">
         <name>.text:ADC_enableInterrupt</name>
         <load_address>0x82a44</load_address>
         <run_address>0x82a44</run_address>
         <size>0x20</size>
         <input_file_ref idref="fl-10"/>
      </object_component>
      <object_component id="oc-3e0">
         <name>.text:ADC_isBaseValid</name>
         <load_address>0x82a64</load_address>
         <run_address>0x82a64</run_address>
         <size>0x1f</size>
         <input_file_ref idref="fl-10"/>
      </object_component>
      <object_component id="oc-3f1">
         <name>.text:ADC_isBaseValid</name>
         <load_address>0x82a83</load_address>
         <run_address>0x82a83</run_address>
         <size>0x1f</size>
         <input_file_ref idref="fl-18"/>
      </object_component>
      <object_component id="oc-ea">
         <name>.text:MCAN_clearNewDataStatus</name>
         <load_address>0x82aa2</load_address>
         <run_address>0x82aa2</run_address>
         <size>0x1f</size>
         <input_file_ref idref="fl-2f"/>
      </object_component>
      <object_component id="oc-7f4">
         <name>.text:MCAN_isMemInitDone</name>
         <load_address>0x82ac1</load_address>
         <run_address>0x82ac1</run_address>
         <size>0x1f</size>
         <input_file_ref idref="fl-2f"/>
      </object_component>
      <object_component id="oc-6ff">
         <name>.text:DCC_setCounter0ClkSource</name>
         <load_address>0x82ae0</load_address>
         <run_address>0x82ae0</run_address>
         <size>0x1e</size>
         <input_file_ref idref="fl-35"/>
      </object_component>
      <object_component id="oc-705">
         <name>.text:DCC_setCounter1ClkSource</name>
         <load_address>0x82afe</load_address>
         <run_address>0x82afe</run_address>
         <size>0x1e</size>
         <input_file_ref idref="fl-35"/>
      </object_component>
      <object_component id="oc-285">
         <name>.text:EPWM_setPhaseShift</name>
         <load_address>0x82b1c</load_address>
         <run_address>0x82b1c</run_address>
         <size>0x1e</size>
         <input_file_ref idref="fl-15"/>
      </object_component>
      <object_component id="oc-95">
         <name>.text:Interrupt_initVectorTable</name>
         <load_address>0x82b3a</load_address>
         <run_address>0x82b3a</run_address>
         <size>0x1e</size>
         <input_file_ref idref="fl-2d"/>
      </object_component>
      <object_component id="oc-129">
         <name>.text:SCI_readCharBlockingFIFO</name>
         <load_address>0x82b58</load_address>
         <run_address>0x82b58</run_address>
         <size>0x1e</size>
         <input_file_ref idref="fl-e"/>
      </object_component>
      <object_component id="oc-847">
         <name>.text:EPWM_setDeadBandCounterClock</name>
         <load_address>0x82b76</load_address>
         <run_address>0x82b76</run_address>
         <size>0x1d</size>
         <input_file_ref idref="fl-15"/>
      </object_component>
      <object_component id="oc-841">
         <name>.text:EPWM_setFallingEdgeDelayCount</name>
         <load_address>0x82b93</load_address>
         <run_address>0x82b93</run_address>
         <size>0x1d</size>
         <input_file_ref idref="fl-15"/>
      </object_component>
      <object_component id="oc-83b">
         <name>.text:EPWM_setRisingEdgeDelayCount</name>
         <load_address>0x82bb0</load_address>
         <run_address>0x82bb0</run_address>
         <size>0x1d</size>
         <input_file_ref idref="fl-15"/>
      </object_component>
      <object_component id="oc-db">
         <name>.text:MCAN_getNewDataStatus</name>
         <load_address>0x82bcd</load_address>
         <run_address>0x82bcd</run_address>
         <size>0x1d</size>
         <input_file_ref idref="fl-2f"/>
      </object_component>
      <object_component id="oc-15e">
         <name>.text:SCI_enableFIFO</name>
         <load_address>0x82bea</load_address>
         <run_address>0x82bea</run_address>
         <size>0x1d</size>
         <input_file_ref idref="fl-e"/>
      </object_component>
      <object_component id="oc-7ce">
         <name>.text:initCpuTimer1FreeRun</name>
         <load_address>0x82c07</load_address>
         <run_address>0x82c07</run_address>
         <size>0x1d</size>
         <input_file_ref idref="fl-14"/>
      </object_component>
      <object_component id="oc-ac">
         <name>.text</name>
         <load_address>0x82c24</load_address>
         <run_address>0x82c24</run_address>
         <size>0x1d</size>
         <input_file_ref idref="fl-52"/>
      </object_component>
      <object_component id="oc-2af">
         <name>.text:EPWM_enableADCTrigger</name>
         <load_address>0x82c41</load_address>
         <run_address>0x82c41</run_address>
         <size>0x1c</size>
         <input_file_ref idref="fl-15"/>
      </object_component>
      <object_component id="oc-26d">
         <name>.text:EPWM_setClockPrescaler</name>
         <load_address>0x82c5d</load_address>
         <run_address>0x82c5d</run_address>
         <size>0x1c</size>
         <input_file_ref idref="fl-15"/>
      </object_component>
      <object_component id="oc-1ac">
         <name>.text:spi_InitB</name>
         <load_address>0x82c79</load_address>
         <run_address>0x82c79</run_address>
         <size>0x1b</size>
         <input_file_ref idref="fl-f"/>
      </object_component>
      <object_component id="oc-24f">
         <name>.text:CPUTimer_startTimer</name>
         <load_address>0x82c94</load_address>
         <run_address>0x82c94</run_address>
         <size>0x1a</size>
         <input_file_ref idref="fl-13"/>
      </object_component>
      <object_component id="oc-7d4">
         <name>.text:CPUTimer_startTimer</name>
         <load_address>0x82cae</load_address>
         <run_address>0x82cae</run_address>
         <size>0x1a</size>
         <input_file_ref idref="fl-14"/>
      </object_component>
      <object_component id="oc-53c">
         <name>.text:Device_initGPIO</name>
         <load_address>0x82cc8</load_address>
         <run_address>0x82cc8</run_address>
         <size>0x1a</size>
         <input_file_ref idref="fl-16"/>
      </object_component>
      <object_component id="oc-d2">
         <name>.text:MCAN_clearInterrupt</name>
         <load_address>0x82ce2</load_address>
         <run_address>0x82ce2</run_address>
         <size>0x1a</size>
         <input_file_ref idref="fl-2f"/>
      </object_component>
      <object_component id="oc-58f">
         <name>.text:SysCtl_getLowSpeedClock</name>
         <load_address>0x82cfc</load_address>
         <run_address>0x82cfc</run_address>
         <size>0x1a</size>
         <input_file_ref idref="fl-35"/>
      </object_component>
      <object_component id="oc-23d">
         <name>.text:initCPUTimers</name>
         <load_address>0x82d16</load_address>
         <run_address>0x82d16</run_address>
         <size>0x1a</size>
         <input_file_ref idref="fl-13"/>
      </object_component>
      <object_component id="oc-7fa">
         <name>.text:MCAN_setOpMode</name>
         <load_address>0x82d30</load_address>
         <run_address>0x82d30</run_address>
         <size>0x19</size>
         <input_file_ref idref="fl-2f"/>
      </object_component>
      <object_component id="oc-331">
         <name>.text:MCAN_writeProtectedRegAccessLock</name>
         <load_address>0x82d49</load_address>
         <run_address>0x82d49</run_address>
         <size>0x19</size>
         <input_file_ref idref="fl-2f"/>
      </object_component>
      <object_component id="oc-8a3">
         <name>.text:MCAN_writeProtectedRegAccessUnlock</name>
         <load_address>0x82d62</load_address>
         <run_address>0x82d62</run_address>
         <size>0x19</size>
         <input_file_ref idref="fl-2f"/>
      </object_component>
      <object_component id="oc-1cb">
         <name>.text:SPI_writeDataBlockingFIFO</name>
         <load_address>0x82d7b</load_address>
         <run_address>0x82d7b</run_address>
         <size>0x19</size>
         <input_file_ref idref="fl-f"/>
      </object_component>
      <object_component id="oc-644">
         <name>.text:SysCtl_setPLLSysClk</name>
         <load_address>0x82d94</load_address>
         <run_address>0x82d94</run_address>
         <size>0x19</size>
         <input_file_ref idref="fl-35"/>
      </object_component>
      <object_component id="oc-381">
         <name>.text:SCI_disableModule</name>
         <load_address>0x82dad</load_address>
         <run_address>0x82dad</run_address>
         <size>0x18</size>
         <input_file_ref idref="fl-33"/>
      </object_component>
      <object_component id="oc-152">
         <name>.text:SCI_performSoftwareReset</name>
         <load_address>0x82dc5</load_address>
         <run_address>0x82dc5</run_address>
         <size>0x18</size>
         <input_file_ref idref="fl-e"/>
      </object_component>
      <object_component id="oc-369">
         <name>.text:SCI_performSoftwareReset</name>
         <load_address>0x82ddd</load_address>
         <run_address>0x82ddd</run_address>
         <size>0x18</size>
         <input_file_ref idref="fl-33"/>
      </object_component>
      <object_component id="oc-164">
         <name>.text:SCI_resetChannels</name>
         <load_address>0x82df5</load_address>
         <run_address>0x82df5</run_address>
         <size>0x18</size>
         <input_file_ref idref="fl-e"/>
      </object_component>
      <object_component id="oc-170">
         <name>.text:SCI_resetRxFIFO</name>
         <load_address>0x82e0d</load_address>
         <run_address>0x82e0d</run_address>
         <size>0x18</size>
         <input_file_ref idref="fl-e"/>
      </object_component>
      <object_component id="oc-16a">
         <name>.text:SCI_resetTxFIFO</name>
         <load_address>0x82e25</load_address>
         <run_address>0x82e25</run_address>
         <size>0x18</size>
         <input_file_ref idref="fl-e"/>
      </object_component>
      <object_component id="oc-3d2">
         <name>.text:SPI_disableFIFO</name>
         <load_address>0x82e3d</load_address>
         <run_address>0x82e3d</run_address>
         <size>0x18</size>
         <input_file_ref idref="fl-f"/>
      </object_component>
      <object_component id="oc-3b9">
         <name>.text:SPI_enableFIFO</name>
         <load_address>0x82e55</load_address>
         <run_address>0x82e55</run_address>
         <size>0x18</size>
         <input_file_ref idref="fl-f"/>
      </object_component>
      <object_component id="oc-764">
         <name>.text:SysCtl_disablePeripheral</name>
         <load_address>0x82e6d</load_address>
         <run_address>0x82e6d</run_address>
         <size>0x18</size>
         <input_file_ref idref="fl-15"/>
      </object_component>
      <object_component id="oc-1d8">
         <name>.text:ADC_clearInterruptStatus</name>
         <load_address>0x82e85</load_address>
         <run_address>0x82e85</run_address>
         <size>0x17</size>
         <input_file_ref idref="fl-10"/>
      </object_component>
      <object_component id="oc-854">
         <name>.text:ADC_forceSOC</name>
         <load_address>0x82e9c</load_address>
         <run_address>0x82e9c</run_address>
         <size>0x17</size>
         <input_file_ref idref="fl-10"/>
      </object_component>
      <object_component id="oc-430">
         <name>.text:CPUTimer_isBaseValid</name>
         <load_address>0x82eb3</load_address>
         <run_address>0x82eb3</run_address>
         <size>0x17</size>
         <input_file_ref idref="fl-13"/>
      </object_component>
      <object_component id="oc-4c0">
         <name>.text:CPUTimer_isBaseValid</name>
         <load_address>0x82eca</load_address>
         <run_address>0x82eca</run_address>
         <size>0x17</size>
         <input_file_ref idref="fl-1e"/>
      </object_component>
      <object_component id="oc-794">
         <name>.text:CPUTimer_isBaseValid</name>
         <load_address>0x82ee1</load_address>
         <run_address>0x82ee1</run_address>
         <size>0x17</size>
         <input_file_ref idref="fl-14"/>
      </object_component>
      <object_component id="oc-40e">
         <name>.text:CPUTimer_setPreScaler</name>
         <load_address>0x82ef8</load_address>
         <run_address>0x82ef8</run_address>
         <size>0x17</size>
         <input_file_ref idref="fl-13"/>
      </object_component>
      <object_component id="oc-887">
         <name>.text:CPUTimer_setPreScaler</name>
         <load_address>0x82f0f</load_address>
         <run_address>0x82f0f</run_address>
         <size>0x17</size>
         <input_file_ref idref="fl-14"/>
      </object_component>
      <object_component id="oc-308">
         <name>.text:HW_WR_FIELD32_RAW</name>
         <load_address>0x82f26</load_address>
         <run_address>0x82f26</run_address>
         <size>0x17</size>
         <input_file_ref idref="fl-2f"/>
      </object_component>
      <object_component id="oc-800">
         <name>.text:MCAN_getOpMode</name>
         <load_address>0x82f3d</load_address>
         <run_address>0x82f3d</run_address>
         <size>0x17</size>
         <input_file_ref idref="fl-2f"/>
      </object_component>
      <object_component id="oc-65c">
         <name>.text:PGA_isBaseValid</name>
         <load_address>0x82f54</load_address>
         <run_address>0x82f54</run_address>
         <size>0x17</size>
         <input_file_ref idref="fl-31"/>
      </object_component>
      <object_component id="oc-351">
         <name>.text:SCI_isBaseValid</name>
         <load_address>0x82f6b</load_address>
         <run_address>0x82f6b</run_address>
         <size>0x17</size>
         <input_file_ref idref="fl-e"/>
      </object_component>
      <object_component id="oc-362">
         <name>.text:SCI_isBaseValid</name>
         <load_address>0x82f82</load_address>
         <run_address>0x82f82</run_address>
         <size>0x17</size>
         <input_file_ref idref="fl-33"/>
      </object_component>
      <object_component id="oc-1f0">
         <name>.text:SysCtl_enablePeripheral</name>
         <load_address>0x82f99</load_address>
         <run_address>0x82f99</run_address>
         <size>0x17</size>
         <input_file_ref idref="fl-10"/>
      </object_component>
      <object_component id="oc-770">
         <name>.text:SysCtl_enablePeripheral</name>
         <load_address>0x82fb0</load_address>
         <run_address>0x82fb0</run_address>
         <size>0x17</size>
         <input_file_ref idref="fl-15"/>
      </object_component>
      <object_component id="oc-655">
         <name>.text:SysCtl_enablePeripheral</name>
         <load_address>0x82fc7</load_address>
         <run_address>0x82fc7</run_address>
         <size>0x17</size>
         <input_file_ref idref="fl-16"/>
      </object_component>
      <object_component id="oc-6db">
         <name>.text:SysCtl_enablePeripheral</name>
         <load_address>0x82fde</load_address>
         <run_address>0x82fde</run_address>
         <size>0x17</size>
         <input_file_ref idref="fl-35"/>
      </object_component>
      <object_component id="oc-2e6">
         <name>.text</name>
         <load_address>0x82ff5</load_address>
         <run_address>0x82ff5</run_address>
         <size>0x17</size>
         <input_file_ref idref="fl-4e"/>
      </object_component>
      <object_component id="oc-202">
         <name>.text:ADC_setInterruptPulseMode</name>
         <load_address>0x8300c</load_address>
         <run_address>0x8300c</run_address>
         <size>0x16</size>
         <input_file_ref idref="fl-10"/>
      </object_component>
      <object_component id="oc-1fc">
         <name>.text:ADC_setPrescaler</name>
         <load_address>0x83022</load_address>
         <run_address>0x83022</run_address>
         <size>0x16</size>
         <input_file_ref idref="fl-10"/>
      </object_component>
      <object_component id="oc-6f9">
         <name>.text:DCC_disableDoneSignal</name>
         <load_address>0x83038</load_address>
         <run_address>0x83038</run_address>
         <size>0x16</size>
         <input_file_ref idref="fl-35"/>
      </object_component>
      <object_component id="oc-91">
         <name>.text:Interrupt_defaultHandler</name>
         <load_address>0x8304e</load_address>
         <run_address>0x8304e</run_address>
         <size>0x16</size>
         <input_file_ref idref="fl-2d"/>
      </object_component>
      <object_component id="oc-249">
         <name>.text:CPUTimer_enableInterrupt</name>
         <load_address>0x83064</load_address>
         <run_address>0x83064</run_address>
         <size>0x15</size>
         <input_file_ref idref="fl-13"/>
      </object_component>
      <object_component id="oc-6e7">
         <name>.text:DCC_clearDoneFlag</name>
         <load_address>0x83079</load_address>
         <run_address>0x83079</run_address>
         <size>0x15</size>
         <input_file_ref idref="fl-35"/>
      </object_component>
      <object_component id="oc-6e1">
         <name>.text:DCC_clearErrorFlag</name>
         <load_address>0x8308e</load_address>
         <run_address>0x8308e</run_address>
         <size>0x15</size>
         <input_file_ref idref="fl-35"/>
      </object_component>
      <object_component id="oc-6f3">
         <name>.text:DCC_disableErrorSignal</name>
         <load_address>0x830a3</load_address>
         <run_address>0x830a3</run_address>
         <size>0x15</size>
         <input_file_ref idref="fl-35"/>
      </object_component>
      <object_component id="oc-7be">
         <name>.text:DCC_isBaseValid</name>
         <load_address>0x830b8</load_address>
         <run_address>0x830b8</run_address>
         <size>0x15</size>
         <input_file_ref idref="fl-35"/>
      </object_component>
      <object_component id="oc-86d">
         <name>.text:Dio_WriteChannel</name>
         <load_address>0x830cd</load_address>
         <run_address>0x830cd</run_address>
         <size>0x15</size>
         <input_file_ref idref="fl-11"/>
      </object_component>
      <object_component id="oc-5ae">
         <name>.text:GPIO_unlockPortConfig</name>
         <load_address>0x830e2</load_address>
         <run_address>0x830e2</run_address>
         <size>0x15</size>
         <input_file_ref idref="fl-16"/>
      </object_component>
      <object_component id="oc-cc">
         <name>.text:MCAN_clearIntrStatus</name>
         <load_address>0x830f7</load_address>
         <run_address>0x830f7</run_address>
         <size>0x15</size>
         <input_file_ref idref="fl-2f"/>
      </object_component>
      <object_component id="oc-2ec">
         <name>.text:MCAN_isBaseValid</name>
         <load_address>0x8310c</load_address>
         <run_address>0x8310c</run_address>
         <size>0x15</size>
         <input_file_ref idref="fl-2f"/>
      </object_component>
      <object_component id="oc-18f">
         <name>.text:SPI_readDataBlockingFIFO</name>
         <load_address>0x83121</load_address>
         <run_address>0x83121</run_address>
         <size>0x15</size>
         <input_file_ref idref="fl-f"/>
      </object_component>
      <object_component id="oc-41a">
         <name>.text:CPUTimer_reloadTimerCounter</name>
         <load_address>0x83136</load_address>
         <run_address>0x83136</run_address>
         <size>0x14</size>
         <input_file_ref idref="fl-13"/>
      </object_component>
      <object_component id="oc-893">
         <name>.text:CPUTimer_reloadTimerCounter</name>
         <load_address>0x8314a</load_address>
         <run_address>0x8314a</run_address>
         <size>0x14</size>
         <input_file_ref idref="fl-14"/>
      </object_component>
      <object_component id="oc-414">
         <name>.text:CPUTimer_stopTimer</name>
         <load_address>0x8315e</load_address>
         <run_address>0x8315e</run_address>
         <size>0x14</size>
         <input_file_ref idref="fl-13"/>
      </object_component>
      <object_component id="oc-881">
         <name>.text:CPUTimer_stopTimer</name>
         <load_address>0x83172</load_address>
         <run_address>0x83172</run_address>
         <size>0x14</size>
         <input_file_ref idref="fl-14"/>
      </object_component>
      <object_component id="oc-6ed">
         <name>.text:DCC_disableModule</name>
         <load_address>0x83186</load_address>
         <run_address>0x83186</run_address>
         <size>0x14</size>
         <input_file_ref idref="fl-35"/>
      </object_component>
      <object_component id="oc-717">
         <name>.text:DCC_enableModule</name>
         <load_address>0x8319a</load_address>
         <run_address>0x8319a</run_address>
         <size>0x14</size>
         <input_file_ref idref="fl-35"/>
      </object_component>
      <object_component id="oc-273">
         <name>.text:EPWM_setTimeBaseCounterMode</name>
         <load_address>0x831ae</load_address>
         <run_address>0x831ae</run_address>
         <size>0x14</size>
         <input_file_ref idref="fl-15"/>
      </object_component>
      <object_component id="oc-279">
         <name>.text:EPWM_setTimeBasePeriod</name>
         <load_address>0x831c2</load_address>
         <run_address>0x831c2</run_address>
         <size>0x14</size>
         <input_file_ref idref="fl-15"/>
      </object_component>
      <object_component id="oc-48e">
         <name>.text:MCAN_getDataSize</name>
         <load_address>0x831d6</load_address>
         <run_address>0x831d6</run_address>
         <size>0x14</size>
         <input_file_ref idref="fl-2f"/>
      </object_component>
      <object_component id="oc-31a">
         <name>.text:MCAN_getMsgObjSize</name>
         <load_address>0x831ea</load_address>
         <run_address>0x831ea</run_address>
         <size>0x14</size>
         <input_file_ref idref="fl-2f"/>
      </object_component>
      <object_component id="oc-123">
         <name>.text:SCI_getRxFIFOStatus</name>
         <load_address>0x831fe</load_address>
         <run_address>0x831fe</run_address>
         <size>0x14</size>
         <input_file_ref idref="fl-e"/>
      </object_component>
      <object_component id="oc-39d">
         <name>.text:SPI_getRxFIFOStatus</name>
         <load_address>0x83212</load_address>
         <run_address>0x83212</run_address>
         <size>0x14</size>
         <input_file_ref idref="fl-f"/>
      </object_component>
      <object_component id="oc-1c5">
         <name>.text:SPI_getTxFIFOStatus</name>
         <load_address>0x83226</load_address>
         <run_address>0x83226</run_address>
         <size>0x14</size>
         <input_file_ref idref="fl-f"/>
      </object_component>
      <object_component id="oc-208">
         <name>.text:ADC_enableConverter</name>
         <load_address>0x8323a</load_address>
         <run_address>0x8323a</run_address>
         <size>0x13</size>
         <input_file_ref idref="fl-10"/>
      </object_component>
      <object_component id="oc-429">
         <name>.text:CPUTimer_setEmulationMode</name>
         <load_address>0x8324d</load_address>
         <run_address>0x8324d</run_address>
         <size>0x13</size>
         <input_file_ref idref="fl-1e"/>
      </object_component>
      <object_component id="oc-25e">
         <name>.text:EPWM_clearEventTriggerInterruptFlag</name>
         <load_address>0x83260</load_address>
         <run_address>0x83260</run_address>
         <size>0x13</size>
         <input_file_ref idref="fl-15"/>
      </object_component>
      <object_component id="oc-2bb">
         <name>.text:EPWM_enableInterrupt</name>
         <load_address>0x83273</load_address>
         <run_address>0x83273</run_address>
         <size>0x13</size>
         <input_file_ref idref="fl-15"/>
      </object_component>
      <object_component id="oc-c6">
         <name>.text:MCAN_getIntrStatus</name>
         <load_address>0x83286</load_address>
         <run_address>0x83286</run_address>
         <size>0x13</size>
         <input_file_ref idref="fl-2f"/>
      </object_component>
      <object_component id="oc-188">
         <name>.text:SCI_enableModule</name>
         <load_address>0x83299</load_address>
         <run_address>0x83299</run_address>
         <size>0x13</size>
         <input_file_ref idref="fl-e"/>
      </object_component>
      <object_component id="oc-387">
         <name>.text:SCI_enableModule</name>
         <load_address>0x832ac</load_address>
         <run_address>0x832ac</run_address>
         <size>0x13</size>
         <input_file_ref idref="fl-33"/>
      </object_component>
      <object_component id="oc-396">
         <name>.text:SPI_isBaseValid</name>
         <load_address>0x832bf</load_address>
         <run_address>0x832bf</run_address>
         <size>0x13</size>
         <input_file_ref idref="fl-f"/>
      </object_component>
      <object_component id="oc-3a4">
         <name>.text:SPI_isBaseValid</name>
         <load_address>0x832d2</load_address>
         <run_address>0x832d2</run_address>
         <size>0x13</size>
         <input_file_ref idref="fl-34"/>
      </object_component>
      <object_component id="oc-28b">
         <name>.text:EPWM_setTimeBaseCounter</name>
         <load_address>0x832e5</load_address>
         <run_address>0x832e5</run_address>
         <size>0x12</size>
         <input_file_ref idref="fl-15"/>
      </object_component>
      <object_component id="oc-408">
         <name>.text:CPUTimer_setPeriod</name>
         <load_address>0x832f7</load_address>
         <run_address>0x832f7</run_address>
         <size>0x11</size>
         <input_file_ref idref="fl-13"/>
      </object_component>
      <object_component id="oc-88d">
         <name>.text:CPUTimer_setPeriod</name>
         <load_address>0x83308</load_address>
         <run_address>0x83308</run_address>
         <size>0x11</size>
         <input_file_ref idref="fl-14"/>
      </object_component>
      <object_component id="oc-27f">
         <name>.text:EPWM_disablePhaseShiftLoad</name>
         <load_address>0x83319</load_address>
         <run_address>0x83319</run_address>
         <size>0x11</size>
         <input_file_ref idref="fl-15"/>
      </object_component>
      <object_component id="oc-3c5">
         <name>.text:SPI_enableModule</name>
         <load_address>0x8332a</load_address>
         <run_address>0x8332a</run_address>
         <size>0x11</size>
         <input_file_ref idref="fl-f"/>
      </object_component>
      <object_component id="oc-6a4">
         <name>.text:CPUTimer_getTimerCount</name>
         <load_address>0x8333b</load_address>
         <run_address>0x8333b</run_address>
         <size>0x10</size>
         <input_file_ref idref="fl-14"/>
      </object_component>
      <object_component id="oc-604">
         <name>.text:Flash_isCtrlBaseValid</name>
         <load_address>0x8334b</load_address>
         <run_address>0x8334b</run_address>
         <size>0x10</size>
         <input_file_ref idref="fl-28"/>
      </object_component>
      <object_component id="oc-60b">
         <name>.text:Flash_isECCBaseValid</name>
         <load_address>0x8335b</load_address>
         <run_address>0x8335b</run_address>
         <size>0x10</size>
         <input_file_ref idref="fl-28"/>
      </object_component>
      <object_component id="oc-359">
         <name>.text:SCI_getRxStatus</name>
         <load_address>0x8336b</load_address>
         <run_address>0x8336b</run_address>
         <size>0x10</size>
         <input_file_ref idref="fl-e"/>
      </object_component>
      <object_component id="oc-501">
         <name>.text:main</name>
         <load_address>0x8337b</load_address>
         <run_address>0x8337b</run_address>
         <size>0x10</size>
         <input_file_ref idref="fl-8"/>
      </object_component>
      <object_component id="oc-108">
         <name>.text:Interrupt_register</name>
         <load_address>0x8338b</load_address>
         <run_address>0x8338b</run_address>
         <size>0xf</size>
         <input_file_ref idref="fl-c"/>
      </object_component>
      <object_component id="oc-182">
         <name>.text:Interrupt_register</name>
         <load_address>0x8339a</load_address>
         <run_address>0x8339a</run_address>
         <size>0xf</size>
         <input_file_ref idref="fl-e"/>
      </object_component>
      <object_component id="oc-1b2">
         <name>.text:Interrupt_register</name>
         <load_address>0x833a9</load_address>
         <run_address>0x833a9</run_address>
         <size>0xf</size>
         <input_file_ref idref="fl-f"/>
      </object_component>
      <object_component id="oc-221">
         <name>.text:Interrupt_register</name>
         <load_address>0x833b8</load_address>
         <run_address>0x833b8</run_address>
         <size>0xf</size>
         <input_file_ref idref="fl-10"/>
      </object_component>
      <object_component id="oc-237">
         <name>.text:Interrupt_register</name>
         <load_address>0x833c7</load_address>
         <run_address>0x833c7</run_address>
         <size>0xf</size>
         <input_file_ref idref="fl-13"/>
      </object_component>
      <object_component id="oc-2c7">
         <name>.text:Interrupt_register</name>
         <load_address>0x833d6</load_address>
         <run_address>0x833d6</run_address>
         <size>0xf</size>
         <input_file_ref idref="fl-15"/>
      </object_component>
      <object_component id="oc-684">
         <name>.text:IoHwAna_Init</name>
         <load_address>0x833e5</load_address>
         <run_address>0x833e5</run_address>
         <size>0xf</size>
         <input_file_ref idref="fl-a"/>
      </object_component>
      <object_component id="oc-2d">
         <name>.text:MCANIntrConfig</name>
         <load_address>0x833f4</load_address>
         <run_address>0x833f4</run_address>
         <size>0xf</size>
         <input_file_ref idref="fl-c"/>
      </object_component>
      <object_component id="oc-5e2">
         <name>.text:elapsedTicks</name>
         <load_address>0x83403</load_address>
         <run_address>0x83403</run_address>
         <size>0xe</size>
         <input_file_ref idref="fl-14"/>
      </object_component>
      <object_component id="oc-314">
         <name>.text:HW_RD_FIELD32_RAW</name>
         <load_address>0x83411</load_address>
         <run_address>0x83411</run_address>
         <size>0xd</size>
         <input_file_ref idref="fl-2f"/>
      </object_component>
      <object_component id="oc-33c">
         <name>.text:Interrupt_disableGlobal</name>
         <load_address>0x8341e</load_address>
         <run_address>0x8341e</run_address>
         <size>0xd</size>
         <input_file_ref idref="fl-2d"/>
      </object_component>
      <object_component id="oc-114">
         <name>.text:Interrupt_enableGlobal</name>
         <load_address>0x8342b</load_address>
         <run_address>0x8342b</run_address>
         <size>0xd</size>
         <input_file_ref idref="fl-c"/>
      </object_component>
      <object_component id="oc-1b8">
         <name>.text:Interrupt_enableGlobal</name>
         <load_address>0x83438</load_address>
         <run_address>0x83438</run_address>
         <size>0xd</size>
         <input_file_ref idref="fl-f"/>
      </object_component>
      <object_component id="oc-342">
         <name>.text:Interrupt_enableGlobal</name>
         <load_address>0x83445</load_address>
         <run_address>0x83445</run_address>
         <size>0xd</size>
         <input_file_ref idref="fl-2d"/>
      </object_component>
      <object_component id="oc-67e">
         <name>.text:PWM_GlobalInit</name>
         <load_address>0x83452</load_address>
         <run_address>0x83452</run_address>
         <size>0xd</size>
         <input_file_ref idref="fl-15"/>
      </object_component>
      <object_component id="oc-5ca">
         <name>.text:SchM_Task1ms</name>
         <load_address>0x8345f</load_address>
         <run_address>0x8345f</run_address>
         <size>0xd</size>
         <input_file_ref idref="fl-9"/>
      </object_component>
      <object_component id="oc-582">
         <name>.text:SysCtl_setLowSpeedClock</name>
         <load_address>0x8346c</load_address>
         <run_address>0x8346c</run_address>
         <size>0xd</size>
         <input_file_ref idref="fl-16"/>
      </object_component>
      <object_component id="oc-b4">
         <name>.text:decompress:ZI:__TI_zero_init_nomemset</name>
         <load_address>0x83479</load_address>
         <run_address>0x83479</run_address>
         <size>0xd</size>
         <input_file_ref idref="fl-55"/>
      </object_component>
      <object_component id="oc-473">
         <name>.text</name>
         <load_address>0x83486</load_address>
         <run_address>0x83486</run_address>
         <size>0xc</size>
         <input_file_ref idref="fl-5a"/>
      </object_component>
      <object_component id="oc-79f">
         <name>.text:IoHwDio_Write</name>
         <load_address>0x83492</load_address>
         <run_address>0x83492</run_address>
         <size>0xb</size>
         <input_file_ref idref="fl-b"/>
      </object_component>
      <object_component id="oc-5d6">
         <name>.text:SchM_Task10ms</name>
         <load_address>0x8349d</load_address>
         <run_address>0x8349d</run_address>
         <size>0xb</size>
         <input_file_ref idref="fl-9"/>
      </object_component>
      <object_component id="oc-570">
         <name>.text:SysCtl_disableWatchdog</name>
         <load_address>0x834a8</load_address>
         <run_address>0x834a8</run_address>
         <size>0xb</size>
         <input_file_ref idref="fl-16"/>
      </object_component>
      <object_component id="oc-638">
         <name>.text:SysCtl_isMCDClockFailureDetected</name>
         <load_address>0x834b3</load_address>
         <run_address>0x834b3</run_address>
         <size>0xb</size>
         <input_file_ref idref="fl-35"/>
      </object_component>
      <object_component id="oc-9d">
         <name>.text:Interrupt_illegalOperationHandler</name>
         <load_address>0x834be</load_address>
         <run_address>0x834be</run_address>
         <size>0xa</size>
         <input_file_ref idref="fl-2d"/>
      </object_component>
      <object_component id="oc-a3">
         <name>.text:Interrupt_nmiHandler</name>
         <load_address>0x834c8</load_address>
         <run_address>0x834c8</run_address>
         <size>0xa</size>
         <input_file_ref idref="fl-2d"/>
      </object_component>
      <object_component id="oc-789">
         <name>.text:IoHwDio_Read</name>
         <load_address>0x834d2</load_address>
         <run_address>0x834d2</run_address>
         <size>0xa</size>
         <input_file_ref idref="fl-b"/>
      </object_component>
      <object_component id="oc-55b">
         <name>.text</name>
         <load_address>0x834dc</load_address>
         <run_address>0x834dc</run_address>
         <size>0x9</size>
         <input_file_ref idref="fl-59"/>
      </object_component>
      <object_component id="oc-1be">
         <name>.text:TransmitA</name>
         <load_address>0x834e5</load_address>
         <run_address>0x834e5</run_address>
         <size>0x8</size>
         <input_file_ref idref="fl-f"/>
      </object_component>
      <object_component id="oc-19">
         <name>.text:decompress:none</name>
         <load_address>0x834ed</load_address>
         <run_address>0x834ed</run_address>
         <size>0x8</size>
         <input_file_ref idref="fl-56"/>
      </object_component>
      <object_component id="oc-c0">
         <name>.text</name>
         <load_address>0x834f5</load_address>
         <run_address>0x834f5</run_address>
         <size>0x8</size>
         <input_file_ref idref="fl-17"/>
      </object_component>
      <object_component id="oc-5a7">
         <name>.text:ASysCtl_lockVREG</name>
         <load_address>0x834fd</load_address>
         <run_address>0x834fd</run_address>
         <size>0x7</size>
         <input_file_ref idref="fl-16"/>
      </object_component>
      <object_component id="oc-726">
         <name>.text:CpuTimer1_init</name>
         <load_address>0x83504</load_address>
         <run_address>0x83504</run_address>
         <size>0x7</size>
         <input_file_ref idref="fl-14"/>
      </object_component>
      <object_component id="oc-860">
         <name>.text:Dio_ReadChannel</name>
         <load_address>0x8350b</load_address>
         <run_address>0x8350b</run_address>
         <size>0x7</size>
         <input_file_ref idref="fl-11"/>
      </object_component>
      <object_component id="oc-2f9">
[...]
         <name>Spi_Config</name>
         <value>0x81c5c</value>
         <object_component_ref idref="oc-48"/>
      </symbol>
      <symbol id="sm-31d">
         <name>txb</name>
         <value>0xabed</value>
         <object_component_ref idref="oc-1a1"/>
      </symbol>
      <symbol id="sm-31e">
         <name>txa</name>
         <value>0xabec</value>
         <object_component_ref idref="oc-1a1"/>
      </symbol>
      <symbol id="sm-31f">
         <name>spi_InitB</name>
         <value>0x82c79</value>
         <object_component_ref idref="oc-1ac"/>
      </symbol>
      <symbol id="sm-320">
         <name>TransmitA</name>
         <value>0x834e5</value>
         <object_component_ref idref="oc-1be"/>
      </symbol>
      <symbol id="sm-321">
         <name>spiATxISR</name>
         <value>0x81cec</value>
         <object_component_ref idref="oc-4f"/>
      </symbol>
      <symbol id="sm-322">
         <name>spiARxISR</name>
         <value>0x82195</value>
         <object_component_ref idref="oc-43"/>
      </symbol>
      <symbol id="sm-323">
         <name>rxb</name>
         <value>0xabeb</value>
         <object_component_ref idref="oc-1a1"/>
      </symbol>
      <symbol id="sm-324">
         <name>rxa</name>
         <value>0xabea</value>
         <object_component_ref idref="oc-1a1"/>
      </symbol>
      <symbol id="sm-3f2">
         <name>AdcCCounter_U16</name>
         <value>0xabc2</value>
         <object_component_ref idref="oc-1e7"/>
      </symbol>
      <symbol id="sm-3f3">
         <name>AdcE_ISR</name>
         <value>0x81fd8</value>
         <object_component_ref idref="oc-73"/>
      </symbol>
      <symbol id="sm-3f4">
         <name>Adc_Config_s</name>
         <value>0xabc6</value>
         <object_component_ref idref="oc-1e7"/>
      </symbol>
      <symbol id="sm-3f5">
         <name>AdcEcounter_U16</name>
         <value>0xabc4</value>
         <object_component_ref idref="oc-1e7"/>
      </symbol>
      <symbol id="sm-3f6">
         <name>AdcACounter_U16</name>
         <value>0xabc1</value>
         <object_component_ref idref="oc-1e7"/>
      </symbol>
      <symbol id="sm-3f7">
         <name>Adc_Status</name>
         <value>0xabc0</value>
         <object_component_ref idref="oc-1e7"/>
      </symbol>
      <symbol id="sm-3f8">
         <name>Adc_StartConversion</name>
         <value>0x827f0</value>
         <object_component_ref idref="oc-77f"/>
      </symbol>
      <symbol id="sm-3f9">
         <name>AdcA_ISR</name>
         <value>0x81f12</value>
         <object_component_ref idref="oc-55"/>
      </symbol>
      <symbol id="sm-3fa">
         <name>AdcResult_U16</name>
         <value>0xaaa0</value>
         <object_component_ref idref="oc-1e4"/>
      </symbol>
      <symbol id="sm-3fb">
         <name>Adc_Init</name>
         <value>0x809ca</value>
         <object_component_ref idref="oc-56"/>
      </symbol>
      <symbol id="sm-3fc">
         <name>AdcB_ISR</name>
         <value>0x821d3</value>
         <object_component_ref idref="oc-61"/>
      </symbol>
      <symbol id="sm-3fd">
         <name>AdcC_ISR</name>
         <value>0x81f54</value>
         <object_component_ref idref="oc-67"/>
      </symbol>
      <symbol id="sm-3fe">
         <name>AdcDcounter_U16</name>
         <value>0xabc3</value>
         <object_component_ref idref="oc-1e7"/>
      </symbol>
      <symbol id="sm-3ff">
         <name>AdcD_ISR</name>
         <value>0x81f96</value>
         <object_component_ref idref="oc-6d"/>
      </symbol>
      <symbol id="sm-437">
         <name>Dio_WriteChannel</name>
         <value>0x830cd</value>
         <object_component_ref idref="oc-86d"/>
      </symbol>
      <symbol id="sm-438">
         <name>Dio_ReadChannel</name>
         <value>0x8350b</value>
         <object_component_ref idref="oc-860"/>
      </symbol>
      <symbol id="sm-468">
         <name>Port_Init</name>
         <value>0x81aca</value>
         <object_component_ref idref="oc-672"/>
      </symbol>
      <symbol id="sm-4f5">
         <name>getTimerFlag</name>
         <value>0x8356a</value>
         <object_component_ref idref="oc-5c4"/>
      </symbol>
      <symbol id="sm-4f6">
         <name>CpuTimer_init</name>
         <value>0x82a23</value>
         <object_component_ref idref="oc-7a"/>
      </symbol>
      <symbol id="sm-4f7">
         <name>configCPUTimer</name>
         <value>0x823d4</value>
         <object_component_ref idref="oc-243"/>
      </symbol>
      <symbol id="sm-4f8">
         <name>cpuTimer0ISR</name>
         <value>0x8240a</value>
         <object_component_ref idref="oc-79"/>
      </symbol>
      <symbol id="sm-4f9">
         <name>initCPUTimers</name>
         <value>0x82d16</value>
         <object_component_ref idref="oc-23d"/>
      </symbol>
      <symbol id="sm-4fa">
         <name>counter</name>
         <value>0xabf6</value>
         <object_component_ref idref="oc-22e"/>
      </symbol>
      <symbol id="sm-4fb">
         <name>cpuTimer0IntCount</name>
         <value>0xaaa5</value>
         <object_component_ref idref="oc-420"/>
      </symbol>
      <symbol id="sm-4fc">
         <name>MsFlag</name>
         <value>0xabf4</value>
         <object_component_ref idref="oc-22e"/>
      </symbol>
      <symbol id="sm-4fd">
         <name>ResetTimerFlag</name>
         <value>0x83566</value>
         <object_component_ref idref="oc-5d0"/>
      </symbol>
      <symbol id="sm-563">
         <name>CpuTimer1_init</name>
         <value>0x83504</value>
         <object_component_ref idref="oc-726"/>
      </symbol>
      <symbol id="sm-564">
         <name>initCpuTimer1FreeRun</name>
         <value>0x82c07</value>
         <object_component_ref idref="oc-7ce"/>
      </symbol>
      <symbol id="sm-565">
         <name>read_timerValue</name>
         <value>0x83561</value>
         <object_component_ref idref="oc-5dc"/>
      </symbol>
      <symbol id="sm-566">
         <name>elapsedTicks</name>
         <value>0x83403</value>
         <object_component_ref idref="oc-5e2"/>
      </symbol>
      <symbol id="sm-6d1">
         <name>epwm2ISR</name>
         <value>0x81ecf</value>
         <object_component_ref idref="oc-85"/>
      </symbol>
      <symbol id="sm-6d2">
         <name>Pwm_Init</name>
         <value>0x814dd</value>
         <object_component_ref idref="oc-76a"/>
      </symbol>
      <symbol id="sm-6d3">
         <name>Pwm_Init2</name>
         <value>0x81612</value>
         <object_component_ref idref="oc-86"/>
      </symbol>
      <symbol id="sm-6d4">
         <name>dutyCycle</name>
         <value>0xabca</value>
         <object_component_ref idref="oc-26a"/>
      </symbol>
      <symbol id="sm-6d5">
         <name>k</name>
         <value>0xabce</value>
         <object_component_ref idref="oc-26a"/>
      </symbol>
      <symbol id="sm-6d6">
         <name>setdutycycle</name>
         <value>0x828dc</value>
         <object_component_ref idref="oc-68f"/>
      </symbol>
      <symbol id="sm-6d7">
         <name>Cmpa</name>
         <value>0xabc8</value>
         <object_component_ref idref="oc-26a"/>
      </symbol>
      <symbol id="sm-6d8">
         <name>counterrrr</name>
         <value>0xabcc</value>
         <object_component_ref idref="oc-26a"/>
      </symbol>
      <symbol id="sm-6d9">
         <name>PWM_GlobalInit</name>
         <value>0x83452</value>
         <object_component_ref idref="oc-67e"/>
      </symbol>
      <symbol id="sm-72e">
         <name>Device_enableAllPeripherals</name>
         <value>0x8111e</value>
         <object_component_ref idref="oc-595"/>
      </symbol>
      <symbol id="sm-72f">
         <name>Device_initGPIO</name>
         <value>0x82cc8</value>
         <object_component_ref idref="oc-53c"/>
      </symbol>
      <symbol id="sm-730">
         <name>Device_init</name>
         <value>0x811f6</value>
         <object_component_ref idref="oc-536"/>
      </symbol>
      <symbol id="sm-731">
         <name>__error__</name>
         <value>0x83527</value>
         <object_component_ref idref="oc-2f3"/>
      </symbol>
      <symbol id="sm-740">
         <name>code_start</name>
         <value>0x80000</value>
         <object_component_ref idref="oc-20"/>
      </symbol>
      <symbol id="sm-760">
         <name>ADC_setVREF</name>
         <value>0x820db</value>
         <object_component_ref idref="oc-1f6"/>
      </symbol>
      <symbol id="sm-77f">
         <name>CPUTimer_setEmulationMode</name>
         <value>0x8324d</value>
         <object_component_ref idref="oc-429"/>
      </symbol>
      <symbol id="sm-7e6">
         <name>Flash_initModule</name>
         <value>0x8000</value>
         <object_component_ref idref="oc-576"/>
      </symbol>
      <symbol id="sm-838">
         <name>GPIO_setQualificationMode</name>
         <value>0x82330</value>
         <object_component_ref idref="oc-737"/>
      </symbol>
      <symbol id="sm-839">
         <name>GPIO_setPadConfig</name>
         <value>0x81b76</value>
         <object_component_ref idref="oc-14c"/>
      </symbol>
      <symbol id="sm-83a">
         <name>GPIO_setAnalogMode</name>
         <value>0x81033</value>
         <object_component_ref idref="oc-1ea"/>
      </symbol>
      <symbol id="sm-83b">
         <name>GPIO_setDirectionMode</name>
         <value>0x824d7</value>
         <object_component_ref idref="oc-146"/>
      </symbol>
      <symbol id="sm-83c">
         <name>GPIO_setPinConfig</name>
         <value>0x822f9</value>
         <object_component_ref idref="oc-140"/>
      </symbol>
      <symbol id="sm-88d">
         <name>Interrupt_defaultHandler</name>
         <value>0x8304e</value>
         <object_component_ref idref="oc-91"/>
      </symbol>
      <symbol id="sm-88e">
         <name>Interrupt_initModule</name>
         <value>0x82210</value>
         <object_component_ref idref="oc-542"/>
      </symbol>
      <symbol id="sm-88f">
         <name>Interrupt_nmiHandler</name>
         <value>0x834c8</value>
         <object_component_ref idref="oc-a3"/>
      </symbol>
      <symbol id="sm-890">
         <name>Interrupt_enable</name>
         <value>0x82367</value>
         <object_component_ref idref="oc-10e"/>
      </symbol>
      <symbol id="sm-891">
         <name>Interrupt_initVectorTable</name>
         <value>0x82b3a</value>
         <object_component_ref idref="oc-95"/>
      </symbol>
      <symbol id="sm-892">
         <name>Interrupt_illegalOperationHandler</name>
         <value>0x834be</value>
         <object_component_ref idref="oc-9d"/>
      </symbol>
      <symbol id="sm-9c2">
         <name>MCAN_enableIntrLine</name>
         <value>0x8274c</value>
         <object_component_ref idref="oc-75d"/>
      </symbol>
      <symbol id="sm-9c3">
         <name>MCAN_getOpMode</name>
         <value>0x82f3d</value>
         <object_component_ref idref="oc-800"/>
      </symbol>
      <symbol id="sm-9c4">
         <name>MCAN_writeMsgRam</name>
         <value>0x81a73</value>
         <object_component_ref idref="oc-f3"/>
      </symbol>
      <symbol id="sm-9c5">
         <name>MCAN_clearNewDataStatus</name>
         <value>0x82aa2</value>
         <object_component_ref idref="oc-ea"/>
      </symbol>
      <symbol id="sm-9c6">
         <name>MCAN_getMsgObjSize</name>
         <value>0x831ea</value>
         <object_component_ref idref="oc-31a"/>
      </symbol>
      <symbol id="sm-9c7">
         <name>MCAN_isMemInitDone</name>
         <value>0x82ac1</value>
         <object_component_ref idref="oc-7f4"/>
      </symbol>
      <symbol id="sm-9c8">
         <name>MCAN_enableIntr</name>
         <value>0x8243f</value>
         <object_component_ref idref="oc-751"/>
      </symbol>
      <symbol id="sm-9c9">
         <name>MCAN_setOpMode</name>
         <value>0x82d30</value>
         <object_component_ref idref="oc-7fa"/>
      </symbol>
      <symbol id="sm-9ca">
         <name>MCAN_readMsgRam</name>
         <value>0x8157a</value>
         <object_component_ref idref="oc-e4"/>
      </symbol>
      <symbol id="sm-9cb">
         <name>MCAN_getIntrStatus</name>
         <value>0x83286</value>
         <object_component_ref idref="oc-c6"/>
      </symbol>
      <symbol id="sm-9cc">
         <name>MCAN_clearIntrStatus</name>
         <value>0x830f7</value>
         <object_component_ref idref="oc-cc"/>
      </symbol>
      <symbol id="sm-9cd">
         <name>MCAN_selectIntrLine</name>
         <value>0x82472</value>
         <object_component_ref idref="oc-757"/>
      </symbol>
      <symbol id="sm-9ce">
         <name>MCAN_init</name>
         <value>0x80f43</value>
         <object_component_ref idref="oc-806"/>
      </symbol>
      <symbol id="sm-9cf">
         <name>MCAN_clearInterrupt</name>
         <value>0x82ce2</value>
         <object_component_ref idref="oc-d2"/>
      </symbol>
      <symbol id="sm-9d0">
         <name>MCAN_addExtMsgIDFilter</name>
         <value>0x81a19</value>
         <object_component_ref idref="oc-818"/>
      </symbol>
      <symbol id="sm-9d1">
         <name>MCAN_txBufAddReq</name>
         <value>0x826cc</value>
         <object_component_ref idref="oc-f9"/>
      </symbol>
      <symbol id="sm-9d2">
         <name>MCAN_getNewDataStatus</name>
         <value>0x82bcd</value>
         <object_component_ref idref="oc-db"/>
      </symbol>
      <symbol id="sm-9d3">
         <name>MCAN_msgRAMConfig</name>
         <value>0x80808</value>
         <object_component_ref idref="oc-812"/>
      </symbol>
      <symbol id="sm-9d4">
         <name>MCAN_setBitTime</name>
         <value>0x8137c</value>
         <object_component_ref idref="oc-80c"/>
      </symbol>
      <symbol id="sm-a07">
         <name>PGA_setOffsetTrimNMOS</name>
         <value>0x8201a</value>
         <object_component_ref idref="oc-59b"/>
      </symbol>
      <symbol id="sm-a08">
         <name>PGA_setOffsetTrimPMOS</name>
         <value>0x81e04</value>
         <object_component_ref idref="oc-5a1"/>
      </symbol>
      <symbol id="sm-a5a">
         <name>SCI_clearInterruptStatus</name>
         <value>0x81dbf</value>
         <object_component_ref idref="oc-132"/>
      </symbol>
      <symbol id="sm-a5b">
         <name>SCI_setConfig</name>
         <value>0x82157</value>
         <object_component_ref idref="oc-158"/>
      </symbol>
      <symbol id="sm-a5c">
         <name>SCI_enableInterrupt</name>
         <value>0x81e48</value>
         <object_component_ref idref="oc-17c"/>
      </symbol>
      <symbol id="sm-a95">
         <name>SPI_setConfig</name>
         <value>0x819bd</value>
         <object_component_ref idref="oc-3b3"/>
      </symbol>
      <symbol id="sm-a96">
         <name>SPI_clearInterruptStatus</name>
         <value>0x8239e</value>
         <object_component_ref idref="oc-195"/>
      </symbol>
      <symbol id="sm-a97">
         <name>SPI_enableInterrupt</name>
         <value>0x82537</value>
         <object_component_ref idref="oc-3cb"/>
      </symbol>
      <symbol id="sm-ba8">
         <name>SysCtl_isPLLValid</name>
         <value>0x80e45</value>
         <object_component_ref idref="oc-64a"/>
      </symbol>
      <symbol id="sm-ba9">
         <name>SysCtl_delay</name>
         <value>0x80ca</value>
         <object_component_ref idref="oc-20e"/>
      </symbol>
      <symbol id="sm-baa">
         <name>SysCtl_selectXTALSingleEnded</name>
         <value>0x8294f</value>
         <object_component_ref idref="oc-6d3"/>
      </symbol>
      <symbol id="sm-bab">
         <name>SysCtl_selectXTAL</name>
         <value>0x81d79</value>
         <object_component_ref idref="oc-6cd"/>
      </symbol>
      <symbol id="sm-bac">
         <name>SysCtl_selectOscSource</name>
         <value>0x81ca5</value>
         <object_component_ref idref="oc-63e"/>
      </symbol>
      <symbol id="sm-bad">
         <name>SysCtl_getLowSpeedClock</name>
         <value>0x82cfc</value>
         <object_component_ref idref="oc-58f"/>
      </symbol>
      <symbol id="sm-bae">
         <name>SysCtl_setClock</name>
         <value>0x80af9</value>
         <object_component_ref idref="oc-57c"/>
      </symbol>
      <symbol id="sm-baf">
         <name>SysCtl_getClock</name>
         <value>0x8189e</value>
         <object_component_ref idref="oc-588"/>
      </symbol>
      <symbol id="sm-bbe">
         <name>_c_int00</name>
         <value>0x82ff5</value>
         <object_component_ref idref="oc-2e6"/>
      </symbol>
      <symbol id="sm-bbf">
         <name>__stack</name>
         <value>0x400</value>
         <object_component_ref idref="oc-a9"/>
      </symbol>
      <symbol id="sm-bcc">
         <name>__c28xabi_divf</name>
         <value>0x8172e</value>
         <object_component_ref idref="oc-424"/>
      </symbol>
      <symbol id="sm-be0">
         <name>memcpy</name>
         <value>0x82c24</value>
         <object_component_ref idref="oc-ac"/>
      </symbol>
      <symbol id="sm-bed">
         <name>_system_pre_init</name>
         <value>0x8356e</value>
         <object_component_ref idref="oc-46c"/>
      </symbol>
      <symbol id="sm-bfc">
         <name>__TI_auto_init_nobinit_nopinit</name>
         <value>0x826f8</value>
         <object_component_ref idref="oc-4d1"/>
      </symbol>
      <symbol id="sm-c0b">
         <name>__TI_zero_init_nomemset</name>
         <value>0x83479</value>
         <object_component_ref idref="oc-b4"/>
      </symbol>
      <symbol id="sm-c18">
         <name>__TI_decompress_none</name>
         <value>0x834ed</value>
         <object_component_ref idref="oc-19"/>
      </symbol>
      <symbol id="sm-c2c">
         <name>__TI_decompress_lzss</name>
         <value>0x82595</value>
         <object_component_ref idref="oc-13"/>
      </symbol>
      <symbol id="sm-c42">
         <name>C$$EXIT</name>
         <value>0x827c7</value>
         <object_component_ref idref="oc-479"/>
      </symbol>
      <symbol id="sm-c43">
         <name>abort</name>
         <value>0x827c7</value>
         <object_component_ref idref="oc-479"/>
      </symbol>
      <symbol id="sm-c44">
         <name>exit</name>
         <value>0x827c9</value>
         <object_component_ref idref="oc-479"/>
      </symbol>
      <symbol id="sm-c45">
         <name>__TI_dtors_ptr</name>
         <value>0xabe8</value>
         <object_component_ref idref="oc-509"/>
      </symbol>
      <symbol id="sm-c46">
         <name>__TI_cleanup_ptr</name>
         <value>0xabe6</value>
         <object_component_ref idref="oc-509"/>
      </symbol>
      <symbol id="sm-c47">
         <name>__TI_enable_exit_profile_output</name>
         <value>0xabe4</value>
         <object_component_ref idref="oc-509"/>
      </symbol>
      <symbol id="sm-c5e">
         <name>_nop</name>
         <value>0x834e4</value>
         <object_component_ref idref="oc-55b"/>
      </symbol>
      <symbol id="sm-c5f">
         <name>_lock</name>
         <value>0xabfc</value>
         <object_component_ref idref="oc-50c"/>
      </symbol>
      <symbol id="sm-c60">
         <name>_unlock</name>
         <value>0xabfe</value>
         <object_component_ref idref="oc-5f6"/>
      </symbol>
      <symbol id="sm-c61">
         <name>_register_lock</name>
         <value>0x834e0</value>
         <object_component_ref idref="oc-55b"/>
      </symbol>
      <symbol id="sm-c62">
         <name>_register_unlock</name>
         <value>0x834dc</value>
         <object_component_ref idref="oc-55b"/>
      </symbol>
      <symbol id="sm-c71">
         <name>_args_main</name>
         <value>0x83486</value>
         <object_component_ref idref="oc-473"/>
      </symbol>
      <symbol id="sm-c80">
         <name>_system_post_cinit</name>
         <value>0x83571</value>
         <object_component_ref idref="oc-521"/>
      </symbol>
      <symbol id="sm-c82">
         <name>__c_args__</name>
         <value>0x0</value>
      </symbol>
   </symbol_table>
   <title>Link successful</title>
</link_info>
